Zilog eZ80 Macro Assembler Version 4.3 (19073001) RELISTED02-Nov-23     12:23:05     page:   1


PC     Object              I  Line    Source 
                           A     1    ;
                           A     2    ; Title:	Hello World - Initialisation Code
                           A     3    ; Author:	Dean Belfield
                           A     4    ; Created:	22/11/2022
                           A     5    ; Last Updated: 25/11/2022
                           A     6    ;
                           A     7    ; Modinfo:
                           A     8    ; 25/11/2022:	Added parameter parsing; now ac
                           A     9    
                           A    10    			SEGMENT CODE
                           A    11    			
                           A    12    			XREF	__low_bss
                           A    13    			XREF	__len_bss
                           A    14    			
                           A    15    			XREF	_main
                           A    16    				
                           A    17    			.ASSUME	ADL = 1	
                           A    18    
       00000010            A    19    argv_ptrs_max:		EQU	16			; Maximum n
                           A    20    
                           A    21    ;
                           A    22    ; Start in ADL mode
                           A    23    ;
                           A    24    
040000 C3 45 00 04         A    25    			JP	_start			; Jump to start
                           A    26    
                           A    27    ;
                           A    28    ; The header stuff
                           A    29    ;
040004 464C4153 482E4249   A    30    _exec_name:		DB	"FLASH.BIN", 0		; The e
04000C 4E00 
                           A    31    
                           A    32    			ALIGN	64			; The executabl
                           A    33    			
040040 4D4F53              A    34    			DB	"MOS"			; Flag for MOS 
040043 00                  A    35    			DB	00h			; MOS header versio
040044 01                  A    36    			DB	01h			; Flag for run mode
                           A    37    
                           A    38    ;
                           A    39    ; And the code follows on immediately after the
                           A    40    ;
040045 F5                  A    41    _start:			PUSH	AF			; Preserve 
040046 C5                  A    42    			PUSH	BC
040047 D5                  A    43    			PUSH	DE
040048 DDE5                A    44    			PUSH	IX
04004A FDE5                A    45    			PUSH	IY			; Need to prese
                           A    46    
04004C ED6E                A    47    			LD	A, MB			; Save MB
04004E F5                  A    48    			PUSH 	AF
04004F AF                  A    49    			XOR 	A
040050 ED6D                A    50    			LD 	MB, A                   ; Clear
                           A    51    
040052 E5                  A    52    			PUSH	HL			; Clear the RAM
040053 CD 77 00 04         A    53    			CALL	_clear_bss
040057 E1                  A    54    			POP	HL
                           A    55    ;
040058 DD21 21 22 04       A    56    			LD	IX, argv_ptrs		; The argv 
04005D DDE5                A    57    			PUSH	IX			; Parameter 2: 
04005F CD 96 00 04         A    58    			CALL	_parse_params		; Parse
040063 0600                A    59    			LD	B, 0			; Clear B from 
040065 C5                  A    60    			PUSH	BC			; Parameter 1: 
040066 CD 8D 0F 04         A    61    			CALL	_main			; int main(
04006A D1                  A    62    			POP	DE			; Balance the stack
04006B D1                  A    63    			POP	DE
                           A    64    
04006C F1                  A    65    			POP AF
04006D ED6D                A    66    			LD	MB, A
                           A    67    
04006F FDE1                A    68    			POP	IY			; Restore registers
040071 DDE1                A    69    			POP	IX
040073 D1                  A    70    			POP	DE
040074 C1                  A    71    			POP 	BC
040075 F1                  A    72    			POP	AF
040076 C9                  A    73    			RET
                           A    74    			
                           A    75    ; Clear the memory
                           A    76    ;
040077 01 31 02 00         A    77    _clear_bss:		LD	BC, __len_bss		; Check
04007B 3E 00               A    78    			LD	a, __len_bss >> 16
04007D B1                  A    79    			OR	A, C
04007E B0                  A    80    			OR	A, B
04007F C8                  A    81    			RET	Z			; BSS is zero-lengt
040080 AF                  A    82    			XOR	A, A
040081 32 74 2C 04         A    83    			LD 	(__low_bss), A
040085 ED62                A    84    			SBC	HL, HL			; HL = 0
040087 0B                  A    85    			DEC	BC			; 1st byte's taken 
040088 ED42                A    86    			SBC	HL, BC
04008A C8                  A    87    			RET	Z		  	; Just 1 byte ...
04008B 21 74 2C 04         A    88    			LD	HL, __low_bss		; Reset HL
04008F 11 75 2C 04         A    89    			LD	DE, __low_bss + 1	; [DE] = bs
040093 EDB0                A    90    			LDIR				; Clear this se
040095 C9                  A    91    			RET
                           A    92    			
                           A    93    ; Parse the parameter string into a C array
                           A    94    ; Parameters
                           A    95    ; - HL: Address of parameter string
                           A    96    ; - IX: Address for array pointer storage
                           A    97    ; Returns:
                           A    98    ; -  C: Number of parameters parsed
                           A    99    ;
040096 01 04 00 04         A   100    _parse_params:		LD	BC, _exec_name
04009A DD0F00              A   101    			LD	(IX+0), BC		; ARGV[0] = the
04009D DD23                A   102    			INC	IX
04009F DD23                A   103    			INC	IX
0400A1 DD23                A   104    			INC	IX
0400A3 CD DE 00 04         A   105    			CALL	_skip_spaces		; Skip 
                           A   106    ;
0400A7 01010000            A   107    			LD	BC, 1			; C: ARGC = 1 -
0400AB 060F                A   108    			LD	B, argv_ptrs_max - 1	; B: Ma
                           A   109    ;
0400AD                     A   110    _parse_params_1:	
0400AD C5                  A   111    			PUSH	BC			; Stack ARGC	
0400AE E5                  A   112    			PUSH	HL			; Stack start a
0400AF CD CF 00 04         A   113    			CALL	_get_token		; Get the n
0400B3 79                  A   114    			LD	A, C			; A: Length of 
0400B4 D1                  A   115    			POP	DE			; Start address of 
0400B5 C1                  A   116    			POP	BC			; ARGC
0400B6 B7                  A   117    			OR	A			; Check for A=0 (no
0400B7 C8                  A   118    			RET	Z
                           A   119    ;
0400B8 DD1F00              A   120    			LD	(IX+0), DE		; Store the poi
0400BB E5                  A   121    			PUSH	HL			; DE=HL
0400BC D1                  A   122    			POP	DE
0400BD CD DE 00 04         A   123    			CALL	_skip_spaces		; And s
0400C1 AF                  A   124    			XOR	A
0400C2 12                  A   125    			LD	(DE), A			; Zero-terminat
0400C3 DD23                A   126    			INC	IX
0400C5 DD23                A   127    			INC	IX
0400C7 DD23                A   128    			INC	IX			; Advance to next p
0400C9 0C                  A   129    			INC	C			; Increment ARGC
0400CA 79                  A   130    			LD	A, C			; Check for C >
0400CB B8                  A   131    			CP	B
0400CC 38 DF               A   132    			JR	C, _parse_params_1	; And loop
0400CE C9                  A   133    			RET
                           A   134    
                           A   135    ; Get the next token
                           A   136    ; Parameters:
                           A   137    ; - HL: Address of parameter string
                           A   138    ; Returns:
                           A   139    ; - HL: Address of first character after token
                           A   140    ; -  C: Length of token (in characters)
                           A   141    ;
0400CF 0E00                A   142    _get_token:		LD	C, 0			; Initialis
0400D1 7E                  A   143    $$:			LD	A, (HL)			; Get the chara
0400D2 B7                  A   144    			OR	A			; Exit if 0 (end of
0400D3 C8                  A   145    			RET 	Z
0400D4 FE0D                A   146    			CP	13			; Exit if CR (end o
0400D6 C8                  A   147    			RET	Z
0400D7 FE20                A   148    			CP	' '			; Exit if space (en
0400D9 C8                  A   149    			RET	Z
0400DA 23                  A   150    			INC	HL			; Advance to next c
0400DB 0C                  A   151    			INC 	C			; Increment len
0400DC 18 F3               A   152    			JR	$B
                           A   153    	
                           A   154    ; Skip spaces in the parameter string
                           A   155    ; Parameters:
                           A   156    ; - HL: Address of parameter string
                           A   157    ; Returns:
                           A   158    ; - HL: Address of next none-space character
                           A   159    ;    F: Z if at end of string, otherwise NZ if 
                           A   160    ;
0400DE 7E                  A   161    _skip_spaces:		LD	A, (HL)			; Get t
0400DF FE20                A   162    			CP	' '			; Exit if not space
0400E1 C0                  A   163    			RET	NZ
0400E2 23                  A   164    			INC	HL			; Advance to next c
0400E3 18 F9               A   165    			JR	_skip_spaces		; Increment
                           A   166    
                           A   167    			SEGMENT DATA
                           A   168    
                           A   169    
                           A   170    ; Storage for the argv array pointers
                           A   171    ;
042221 000000 000000       A   172    argv_ptrs:		BLKP	argv_ptrs_max, 0
042227 000000 000000 
04222D 000000 000000 
042233 000000 000000 
042239 000000 000000 
04223F 000000 000000 
042245 000000 000000 
04224B 000000 000000 
                           A   173    			
                           A   174    			END


Errors: 0
Warnings: 0
Lines Assembled: 175
